NEED 13 cookies from 1st resp (resp_home)

00 = {Cookie: 4} Cookie(name='akavpau_CAU_WWW_BBVA_ES_ACC', value='1656168355~id=b79d14ace433c66397fc71568292c3b8', domain='', path='/')
01 = {Cookie: 4} Cookie(name='_abck', value='1CB8E23D764607B16DC6EB65E1F3E59B~0~YAAQjTXdWLocl0GBAQAAkP9OmwjnQND2T4A0TbOOmCc+L1Q2arLVIURSrBBDOEy1f9V0IXCqx0FdStvV8pHrEaiPK8lLY8g3lkAGFbK2syrYjwpaew5GJIEUOo4v60UsADmLEBKDvBINS381aHjn3qt6FLc9jAGEe6v+dni6hr9Rm2r4Rqldo32FksDzT8kBa
02 = {Cookie: 4} Cookie(name='ak_bmsc', value='EF7A35AD00474219A1E5F8A8090596AC~000000000000000000000000000000~YAAQjTXdWGgcl0GBAQAA5PtOmxDrYifUyru7OfcDIeIiZgetK/dMcAQLRk0sIFXlj4JOjXPcdWnusjVoyWAyU6ejh72dThWSnoTAkxJjjX97VQ3IEIiuWM4d9VB0lRbLUu/WqgYFPj3yZj45vESDyVNUrlIvn5udXQ
03 = {Cookie: 4} Cookie(name='bm_sz', value='AE54AEF9606EF6AB7BAC9FD0582636F6~YAAQjTXdWFkcl0GBAQAAwftOmxB1DL+6UXMOy5lnLjUw2vPQPIH2coT5m5ZP0brvPf42NdlgQuFohjyoPLBelPDl5fvBt+Xf3PwAoM7/MqADSbTRkbINNandv9VQLknNBK93QLlgu+DW7cIcVjflIawD3c26thYCiiJgFXlg4lR+l9/9qgCbUc38NWqCyiNEIicc0EbZqtsAvS+Jkd7SbmjBdP8Iez8UFdmNz+5BCAKmOy4G7ImUvJH4oe2jG4KGtL9EuMllXaYR71+A18+z7gWCA1L7qipi5vEiXqcbuyQ=~3552565~4535873', domain='.bbva.es', path='/')
04 = {Cookie: 4} Cookie(name='demdex', value='87429506080586657950117049518545765642', domain='.demdex.net', path='/')
05 = {Cookie: 4} Cookie(name='s_ecid', value='MCMID%7C87446795262627982180113068388193155523', domain='bbva.es', path='/')
06 = {Cookie: 4} Cookie(name='bm_sv', value='2031A3F94B222C52D08A5059480D8960~YAAQjTXdWPIcl0GBAQAA1QFPmxAI87PJ2pkip5Aqk6Kf9uCyVo/bZOK9BdjloBchzGONsRH96h8ZLAv41DuJ/0X5xAv+G7ikwGrfyQqxLtru4BgK7frBuO8zXM5ykL3OwGD3uMEacGIhtOIvvPnnu7c8sMCtJx6RN1RftoN7FJQfE3hEJAHFli+MskGtxMt0xTQ8X88/P/x2NsDx7u5Sszv8TseeTicdOPP9S8dustbiTeNcuLR98Hb34Jin~1', domain='.bbva.es', path='/')
07 = {Cookie: 4} Cookie(name='header_segment', value='personas', domain='.bbva.es', path='/')
08 = {Cookie: 4} Cookie(name='language', value='es', domain='.bbva.es', path='/')
09 = {Cookie: 4} Cookie(name='aemOrigin', value='live', domain='.bbva.es', path='/')
10 = {Cookie: 4} Cookie(name='bm_mi', value='147B2AF366CA23162220FBCDB50C9321~YAAQjTXdWKUcl0GBAQAAiv5OmxBAU6WyXvLBewZDO88awVp21swzCWRUEXP/wzOIsDF06gSvZQ1i+S1JYv+ixgJPqLZcFYJQX9BDwWLKI+rMJeiShLzEDepq6cv4Bc1XO3hCIjET+5hSJyW+ZsJJs2bXxOZeCVFiWpGjXKbk3GfCOREiLLBx7B3paHcraDmWFH0iRnEyPAG7hFMw+FSSpjqXOR5aJGa/FcdtIQnaH7289RCDGD+9Jr3w3NdoKTGyF4DPH7ipZie/+9uON8C0eFuazGUdkK4RXtcz7HUnfAN+25sm540zmSvfdmN6evZPHY3D5AX6ug2uG/zv2jdPVQHP8Oc671/JkikF2PHzWGR5Mj4BfSJ5O/3vZgs1hVdEWhEM4JoCCgHQTBheCCXS~1', domain='.bbva.es', path='/')
11 = {Cookie: 4} Cookie(name='sid', value='d1f41110-f494-11ec-9613-9c03e79e61da', domain='.streamingddigital.com', path='/')
12 = {Cookie: 4} Cookie(name='parking_session', value='f9a540b6-4628-d7c5-4d7f-2d05fde5082d', domain='', path='/')

--

FAILS (11 cookies)

00 = {Cookie: 4} Cookie(name='akavpau_CAU_WWW_BBVA_ES_ACC', value='1656167757~id=6b9639c243a645de3ef9613f916cff2b', domain='', path='/')
01 = {Cookie: 4} Cookie(name='_abck', value='BB6467606C4226F249D752E0AA09DFCA~0~YAAQVWwQArB5wo2BAQAAdtpFmwg1hy6Pp2grVXHeO/2MbdbaFmuCiWj9zLzaSbrM7A4Wt2ijgJQYK4XqG1mKoJA6Cw7+l2Y5Gf7Ru6NUxp+vHVRlgfpvzeT/dixs/A1E/AhJpRYIHgzG1W9N5foyxi35XuClgEm4LlEGcXLLY99mvfI8xfAqiqTGDuUx1etkA
02 = {Cookie: 4} Cookie(name='bm_sz', value='5835921837EBF32540895FBB7E795D16~YAAQVWwQAml5wo2BAQAAp9RFmxDI77ip/r/DfEoQwdqMHkggnKFcZ52t3n6BGB9PjhniSR0ScygD+wtISOCG5DHhV5qxSs9XVq6KRhx8EehfcZa+IKEMrzBtDyZxO01kkB6rHCqhwKPf+w0LlcSTUCeXGpgBGyNmoDRcy30jauhmYoASA7qraVOrSnfSH9MMrYXScbTw/kKMf4Ram0CxNbuT13pn05h4/FARrSKNcB85F+fjsTtIuhHHwzX6u06Uwy1WmfW9Pm9DdcQy+v7iuAQ7Cuxbf5qx1f85UpKhiy4=~3622213~3552818', domain='.bbva.es', path='/')
03 = {Cookie: 4} Cookie(name='demdex', value='27001346165951210232708151070176381732', domain='.demdex.net', path='/')
04 = {Cookie: 4} Cookie(name='language', value='es', domain='.bbva.es', path='/')
05 = {Cookie: 4} Cookie(name='aemOrigin', value='live', domain='.bbva.es', path='/')
06 = {Cookie: 4} Cookie(name='ak_bmsc', value='8369BB93C7C3FFACCEBCA79EDCD44917~000000000000000000000000000000~YAAQVWwQApp5wo2BAQAAz9dFmxAt8A40hF41RSTRYTgwEs9Mhky8tvJx5fsReyTngMcWsdn0i6oG4PibQZpPko0cEp6wv0zJL0UAhUgJbJFaP6x2J2XYiAXKykr6GgMrZh22JPL6Jo6Si4zmpHTeom6Vy9PHVPz81t6CRXX5htJhLINO96FhwtfLgdDJx1wJ7GvsKENoOor3fGFqCDvdsBJS2OBQwCh4AKB18MxhetPHCNkyzczGa7GjaxBQgCEcpaCp0rQG6QpdAyqaOAuVgsw69LOHfMpDavoXBlxlZy2YhH5baydhIK184YfUJUj+u/KTeFcfBrLMhW90V+1ew/YYv4HHSwaMBQVtszDrdACN05gyCDIaQXA=', domain='.bbva.es', path='/')
07 = {Cookie: 4} Cookie(name='bm_mi', value='F206231A7BA8F240170E9AF28E11F5F9~YAAQVWwQAvJ5wo2BAQAAR+JFmxD3+GxDi8iINaAkdX1UYuvRWFneG22/sWC38ttMYbkeJXAGyhRJFlorKGF5eoGatVvXdglWxogkOxKudiT0A89cjesecMwSu/iUuo5MvDkIKWflYklOLp/zH2Ee/YnXh1faWa1lou1q74YfNqivV1R3Grhu9/BRFL1e2c/ft7JurRCgc66Z3bpqGMLa9+EVAR5ohVkBLhPYw2fRP5KJVnN9jECHCnOzMRNFORIpecFt/tKvlyvDVX3C+aVPjhg+/xT4mnMkUdwpnvsSaQ0FJIIJ34VXZFdqPzasLiy7i6VfBoI4FlAI9Zh7TgNSHPOODEVSoBXd8kvytnBKKGVI/GB47c5jN+18tugPigelK+HYeVK+PcBS+3omA2j42mWgaRdd1c13UNPHnhWCFuq25ed7sw==~1', domain='.bbva.es', path='/')
08 = {Cookie: 4} Cookie(name='s_ecid', value='MCMID%7C26995328524952861982709810177798584301', domain='bbva.es', path='/')
09 = {Cookie: 4} Cookie(name='sid', value='6d4c037c-f493-11ec-ad8d-9c0329051402', domain='.streamingddigital.com', path='/')
10 = {Cookie: 4} Cookie(name='bm_sv', value='00070E3C739D9BC443CDE7EAAD46958D~YAAQVWwQAvN5wo2BAQAAR+JFmxBMBykyttwIN7lG44kxLHdzLXqhvQr+MxgQ2CLB6JQK/LCsBrffiDmlUTz9yjYJH2zIPFN3eOS+4LoYxHMI7Sex1OVNVi0yjWy6Hf/dBrWhdB18goG/Uy/2v3/60Zlpq2Osw/nDT/kZyM/sR77nxKifxOpIIV4x8d/VaHu154qGPjDk0FVjUxqieaqjGKflcNxwdHXLXJS3oLatXDrUy96P4JWRQ+UggRgB~1', domain='.bbva.es', path='/')

- header_segment
- parking_session

